[NX Daemon Server] - 2026-02-02T08:18:21.285Z - Started listening on: \\.\pipe\nx\C:\Users\DELL\AppData\Local\Temp\39f0a6ff24ca2747d706\d.sock
[NX Daemon Server] - 2026-02-02T08:18:21.324Z - [WATCHER]: Subscribed to changes within: C:\Users\DELL\Desktop\vscode\pearlThought\strapi (native)
[NX Daemon Server] - 2026-02-02T08:18:21.344Z - Established a connection. Number of open connections: 1
[NX Daemon Server] - 2026-02-02T08:18:21.348Z - Established a connection. Number of open connections: 2
[NX Daemon Server] - 2026-02-02T08:18:21.361Z - Closed a connection. Number of open connections: 1
[NX Daemon Server] - 2026-02-02T08:18:21.382Z - [REQUEST]: Responding to the client. Shutdown initiated
[NX Daemon Server] - 2026-02-02T08:18:21.398Z - Done responding to the client Shutdown initiated
[NX Daemon Server] - 2026-02-02T08:18:21.399Z - Handled FORCE_SHUTDOWN. Handling time: 7. Response time: 17.
[NX Daemon Server] - 2026-02-02T08:18:21.404Z - Closed a connection. Number of open connections: 0
[NX Daemon Server] - 2026-02-02T08:18:21.405Z - [WATCHER]: Stopping the watcher for C:\Users\DELL\Desktop\vscode\pearlThought\strapi (sources)
[NX Daemon Server] - 2026-02-02T08:18:21.406Z - [WATCHER]: Stopping the watcher for C:\Users\DELL\Desktop\vscode\pearlThought\strapi (outputs)
[NX Daemon Server] - 2026-02-02T08:18:21.418Z - Server stopped because: "Request to shutdown"
[NX Daemon Server] - 2026-02-02T08:21:07.653Z - Started listening on: \\.\pipe\nx\C:\Users\DELL\AppData\Local\Temp\39f0a6ff24ca2747d706\d.sock
[NX Daemon Server] - 2026-02-02T08:21:07.658Z - [WATCHER]: Subscribed to changes within: C:\Users\DELL\Desktop\vscode\pearlThought\strapi (native)
[NX Daemon Server] - 2026-02-02T08:21:07.762Z - Established a connection. Number of open connections: 1
[NX Daemon Server] - 2026-02-02T08:21:07.768Z - Closed a connection. Number of open connections: 0
[NX Daemon Server] - 2026-02-02T08:21:07.829Z - Established a connection. Number of open connections: 1
[NX Daemon Server] - 2026-02-02T08:21:07.830Z - Time taken for 'loadSpecifiedNxPlugins' 4.382600000000025ms
[NX Daemon Server] - 2026-02-02T08:21:07.838Z - [REQUEST]: Client Request for Project Graph Received
[NX Daemon Server] - 2026-02-02T08:21:08.616Z - Time taken for 'Load Nx Plugin: C:\Users\DELL\Desktop\vscode\pearlThought\strapi\node_modules\nx\src\plugins\project-json\build-nodes\project-json' 842.8797ms
[NX Daemon Server] - 2026-02-02T08:21:08.628Z - Time taken for 'Load Nx Plugin: C:\Users\DELL\Desktop\vscode\pearlThought\strapi\node_modules\nx\src\plugins\package-json' 855.2572000000001ms
[NX Daemon Server] - 2026-02-02T08:21:08.719Z - [REQUEST]: Updated workspace context based on watched changes, recomputing project graph...
[NX Daemon Server] - 2026-02-02T08:21:08.719Z - [REQUEST]: 
[NX Daemon Server] - 2026-02-02T08:21:08.719Z - [REQUEST]: 
[NX Daemon Server] - 2026-02-02T08:21:08.737Z - Time taken for 'loadDefaultNxPlugins' 924.4031999999999ms
[NX Daemon Server] - 2026-02-02T08:21:09.647Z - Time taken for 'build-project-configs' 745.9232999999999ms
[NX Daemon Server] - 2026-02-02T08:21:09.853Z - [SYNC]: collect registered sync generators
[NX Daemon Server] - 2026-02-02T08:21:09.857Z - [REQUEST]: Responding to the client. project-graph
[NX Daemon Server] - 2026-02-02T08:21:09.860Z - Time taken for 'total for creating and serializing project graph' 2019.1718999999998ms
[NX Daemon Server] - 2026-02-02T08:21:09.866Z - Done responding to the client project-graph
[NX Daemon Server] - 2026-02-02T08:21:09.866Z - Handled REQUEST_PROJECT_GRAPH. Handling time: 2019. Response time: 9.
[NX Daemon Server] - 2026-02-02T08:21:09.898Z - [REQUEST]: Responding to the client. handleRunPreTasksExecution
[NX Daemon Server] - 2026-02-02T08:21:09.898Z - Time taken for 'preTasksExecution' 1.0651000000002568ms
[NX Daemon Server] - 2026-02-02T08:21:09.898Z - Done responding to the client handleRunPreTasksExecution
[NX Daemon Server] - 2026-02-02T08:21:09.899Z - Handled PRE_TASKS_EXECUTION. Handling time: 2. Response time: 1.
[NX Daemon Server] - 2026-02-02T08:21:10.428Z - [REQUEST]: Responding to the client. handleHashTasks
[NX Daemon Server] - 2026-02-02T08:21:10.440Z - Done responding to the client handleHashTasks
[NX Daemon Server] - 2026-02-02T08:21:10.440Z - Handled HASH_TASKS. Handling time: 404. Response time: 12.
[NX Daemon Server] - 2026-02-02T08:21:10.507Z - [REQUEST]: Responding to the client. handleGetEstimatedTaskTimings
[NX Daemon Server] - 2026-02-02T08:21:10.507Z - Done responding to the client handleGetEstimatedTaskTimings
[NX Daemon Server] - 2026-02-02T08:21:10.507Z - Handled GET_ESTIMATED_TASK_TIMINGS. Handling time: 5. Response time: 0.
[NX Daemon Server] - 2026-02-02T08:21:39.778Z - [REQUEST]: Responding to the client. recordOutputsHash
[NX Daemon Server] - 2026-02-02T08:21:39.779Z - Done responding to the client recordOutputsHash
[NX Daemon Server] - 2026-02-02T08:21:39.779Z - Handled RECORD_OUTPUTS_HASH. Handling time: 55. Response time: 1.
[NX Daemon Server] - 2026-02-02T08:21:44.238Z - [REQUEST]: Responding to the client. recordOutputsHash
[NX Daemon Server] - 2026-02-02T08:21:44.239Z - Done responding to the client recordOutputsHash
[NX Daemon Server] - 2026-02-02T08:21:44.239Z - Handled RECORD_OUTPUTS_HASH. Handling time: 86. Response time: 1.
[NX Daemon Server] - 2026-02-02T08:21:51.868Z - [REQUEST]: Responding to the client. recordOutputsHash
[NX Daemon Server] - 2026-02-02T08:21:51.869Z - Done responding to the client recordOutputsHash
[NX Daemon Server] - 2026-02-02T08:21:51.871Z - Handled RECORD_OUTPUTS_HASH. Handling time: 76. Response time: 3.
[NX Daemon Server] - 2026-02-02T08:21:54.320Z - [REQUEST]: Responding to the client. recordOutputsHash
[NX Daemon Server] - 2026-02-02T08:21:54.321Z - Done responding to the client recordOutputsHash
[NX Daemon Server] - 2026-02-02T08:21:54.321Z - Handled RECORD_OUTPUTS_HASH. Handling time: 115. Response time: 1.
[NX Daemon Server] - 2026-02-02T08:21:55.915Z - [REQUEST]: Responding to the client. recordOutputsHash
[NX Daemon Server] - 2026-02-02T08:21:55.915Z - Done responding to the client recordOutputsHash
[NX Daemon Server] - 2026-02-02T08:21:55.916Z - Handled RECORD_OUTPUTS_HASH. Handling time: 30. Response time: 1.
[NX Daemon Server] - 2026-02-02T08:21:58.081Z - [REQUEST]: Responding to the client. recordOutputsHash
[NX Daemon Server] - 2026-02-02T08:21:58.081Z - Done responding to the client recordOutputsHash
[NX Daemon Server] - 2026-02-02T08:21:58.081Z - Handled RECORD_OUTPUTS_HASH. Handling time: 50. Response time: 0.
[NX Daemon Server] - 2026-02-02T08:21:59.313Z - [REQUEST]: Responding to the client. recordOutputsHash
[NX Daemon Server] - 2026-02-02T08:21:59.343Z - Done responding to the client recordOutputsHash
[NX Daemon Server] - 2026-02-02T08:21:59.344Z - Handled RECORD_OUTPUTS_HASH. Handling time: 88. Response time: 31.
[NX Daemon Server] - 2026-02-02T08:22:03.635Z - [REQUEST]: Responding to the client. recordOutputsHash
[NX Daemon Server] - 2026-02-02T08:22:03.636Z - Done responding to the client recordOutputsHash
[NX Daemon Server] - 2026-02-02T08:22:03.636Z - Handled RECORD_OUTPUTS_HASH. Handling time: 125. Response time: 1.
[NX Daemon Server] - 2026-02-02T08:22:19.095Z - [REQUEST]: Responding to the client. recordOutputsHash
[NX Daemon Server] - 2026-02-02T08:22:19.096Z - Done responding to the client recordOutputsHash
[NX Daemon Server] - 2026-02-02T08:22:19.096Z - Handled RECORD_OUTPUTS_HASH. Handling time: 31. Response time: 1.
[NX Daemon Server] - 2026-02-02T08:22:32.816Z - [REQUEST]: Responding to the client. recordOutputsHash
[NX Daemon Server] - 2026-02-02T08:22:32.817Z - Done responding to the client recordOutputsHash
[NX Daemon Server] - 2026-02-02T08:22:32.817Z - Handled RECORD_OUTPUTS_HASH. Handling time: 64. Response time: 1.
[NX Daemon Server] - 2026-02-02T08:22:35.421Z - [REQUEST]: Responding to the client. recordOutputsHash
[NX Daemon Server] - 2026-02-02T08:22:35.422Z - Done responding to the client recordOutputsHash
[NX Daemon Server] - 2026-02-02T08:22:35.422Z - Handled RECORD_OUTPUTS_HASH. Handling time: 79. Response time: 1.
[NX Daemon Server] - 2026-02-02T08:22:38.164Z - [REQUEST]: Responding to the client. recordOutputsHash
[NX Daemon Server] - 2026-02-02T08:22:38.165Z - Done responding to the client recordOutputsHash
[NX Daemon Server] - 2026-02-02T08:22:38.165Z - Handled RECORD_OUTPUTS_HASH. Handling time: 21. Response time: 1.
[NX Daemon Server] - 2026-02-02T08:22:51.356Z - [REQUEST]: Responding to the client. recordOutputsHash
[NX Daemon Server] - 2026-02-02T08:22:51.357Z - Done responding to the client recordOutputsHash
[NX Daemon Server] - 2026-02-02T08:22:51.357Z - Handled RECORD_OUTPUTS_HASH. Handling time: 107. Response time: 1.
[NX Daemon Server] - 2026-02-02T08:22:54.270Z - [REQUEST]: Responding to the client. recordOutputsHash
[NX Daemon Server] - 2026-02-02T08:22:54.271Z - Done responding to the client recordOutputsHash
[NX Daemon Server] - 2026-02-02T08:22:54.271Z - Handled RECORD_OUTPUTS_HASH. Handling time: 74. Response time: 1.
[NX Daemon Server] - 2026-02-02T08:22:58.406Z - [REQUEST]: Responding to the client. recordOutputsHash
[NX Daemon Server] - 2026-02-02T08:22:58.407Z - Done responding to the client recordOutputsHash
[NX Daemon Server] - 2026-02-02T08:22:58.407Z - Handled RECORD_OUTPUTS_HASH. Handling time: 201. Response time: 1.
[NX Daemon Server] - 2026-02-02T08:23:03.035Z - [REQUEST]: Responding to the client. recordOutputsHash
[NX Daemon Server] - 2026-02-02T08:23:03.035Z - Done responding to the client recordOutputsHash
[NX Daemon Server] - 2026-02-02T08:23:03.035Z - Handled RECORD_OUTPUTS_HASH. Handling time: 84. Response time: 0.
[NX Daemon Server] - 2026-02-02T08:23:14.792Z - [REQUEST]: Responding to the client. recordOutputsHash
[NX Daemon Server] - 2026-02-02T08:23:14.793Z - Done responding to the client recordOutputsHash
[NX Daemon Server] - 2026-02-02T08:23:14.793Z - Handled RECORD_OUTPUTS_HASH. Handling time: 349. Response time: 1.
[NX Daemon Server] - 2026-02-02T08:23:27.044Z - [REQUEST]: Responding to the client. recordOutputsHash
[NX Daemon Server] - 2026-02-02T08:23:27.045Z - Done responding to the client recordOutputsHash
[NX Daemon Server] - 2026-02-02T08:23:27.045Z - Handled RECORD_OUTPUTS_HASH. Handling time: 70. Response time: 1.
[NX Daemon Server] - 2026-02-02T08:23:27.858Z - [REQUEST]: Responding to the client. recordOutputsHash
[NX Daemon Server] - 2026-02-02T08:23:27.858Z - Done responding to the client recordOutputsHash
[NX Daemon Server] - 2026-02-02T08:23:27.859Z - Handled RECORD_OUTPUTS_HASH. Handling time: 40. Response time: 1.
[NX Daemon Server] - 2026-02-02T08:23:31.256Z - [REQUEST]: Responding to the client. recordOutputsHash
[NX Daemon Server] - 2026-02-02T08:23:31.256Z - Done responding to the client recordOutputsHash
[NX Daemon Server] - 2026-02-02T08:23:31.256Z - Handled RECORD_OUTPUTS_HASH. Handling time: 69. Response time: 0.
[NX Daemon Server] - 2026-02-02T08:23:35.801Z - [REQUEST]: Responding to the client. recordOutputsHash
[NX Daemon Server] - 2026-02-02T08:23:35.802Z - Done responding to the client recordOutputsHash
[NX Daemon Server] - 2026-02-02T08:23:35.802Z - Handled RECORD_OUTPUTS_HASH. Handling time: 57. Response time: 1.
[NX Daemon Server] - 2026-02-02T08:23:38.084Z - [REQUEST]: Responding to the client. recordOutputsHash
[NX Daemon Server] - 2026-02-02T08:23:38.085Z - Done responding to the client recordOutputsHash
[NX Daemon Server] - 2026-02-02T08:23:38.085Z - Handled RECORD_OUTPUTS_HASH. Handling time: 151. Response time: 1.
[NX Daemon Server] - 2026-02-02T08:23:46.693Z - [REQUEST]: Responding to the client. recordOutputsHash
[NX Daemon Server] - 2026-02-02T08:23:46.693Z - Done responding to the client recordOutputsHash
[NX Daemon Server] - 2026-02-02T08:23:46.693Z - Handled RECORD_OUTPUTS_HASH. Handling time: 132. Response time: 0.
[NX Daemon Server] - 2026-02-02T08:23:53.241Z - [REQUEST]: Responding to the client. recordOutputsHash
[NX Daemon Server] - 2026-02-02T08:23:53.244Z - Done responding to the client recordOutputsHash
[NX Daemon Server] - 2026-02-02T08:23:53.246Z - Handled RECORD_OUTPUTS_HASH. Handling time: 256. Response time: 5.
[NX Daemon Server] - 2026-02-02T08:23:55.541Z - Closed a connection. Number of open connections: 0
[NX Daemon Server] - 2026-02-02T08:25:43.504Z - [WATCHER]: Processing file changes in outputs
[NX Daemon Server] - 2026-02-02T08:25:43.506Z - [WATCHER]: package.json was modified
[NX Daemon Server] - 2026-02-02T08:25:43.625Z - [REQUEST]: Updated workspace context based on watched changes, recomputing project graph...
[NX Daemon Server] - 2026-02-02T08:25:43.625Z - [REQUEST]: package.json
[NX Daemon Server] - 2026-02-02T08:25:43.625Z - [REQUEST]: 
[NX Daemon Server] - 2026-02-02T08:25:43.641Z - Time taken for 'hash changed files from watcher' 6.911199999973178ms
[NX Daemon Server] - 2026-02-02T08:25:43.804Z - Time taken for 'build-project-configs' 69.14749999996275ms
[NX Daemon Server] - 2026-02-02T08:25:43.935Z - [SYNC]: collect registered sync generators
[NX Daemon Server] - 2026-02-02T08:25:43.936Z - [SYNC]: project graph hash is the same, not collecting task sync generators
[NX Daemon Server] - 2026-02-02T08:25:43.937Z - [SYNC]: nx.json hash is the same, not collecting global sync generators
[NX Daemon Server] - 2026-02-02T08:25:43.937Z - Time taken for 'total execution time for createProjectGraph()' 153.33360000001267ms
[NX Daemon Server] - 2026-02-02T08:25:44.582Z - [WATCHER]: Processing file changes in outputs
[NX Daemon Server] - 2026-02-02T08:25:44.584Z - [WATCHER]: package.json was modified
[NX Daemon Server] - 2026-02-02T08:25:44.799Z - [REQUEST]: Updated workspace context based on watched changes, recomputing project graph...
[NX Daemon Server] - 2026-02-02T08:25:44.799Z - [REQUEST]: package.json
[NX Daemon Server] - 2026-02-02T08:25:44.799Z - [REQUEST]: 
[NX Daemon Server] - 2026-02-02T08:25:44.810Z - Time taken for 'hash changed files from watcher' 6.062099999981001ms
[NX Daemon Server] - 2026-02-02T08:25:44.868Z - Error detected when creating a project graph: CommaExpected in C:\Users\DELL\Desktop\vscode\pearlThought\strapi\package.json at 38:5
  36 |     "build:types": "nx run-many --target=build:types --nx-ignore-cycles",
  37 |     "develop": "strapi develop"
> 38 |     "watch": "nx watch --all -- 'nx run-many --targets build:code,build:types --projects $NX_PROJECT_NAME'",
     |     ^^^^^^^
  39 |     "build:size": "cd examples/getstarted && yarn build",
  40 |     "build:ts": "nx run-many --target=build:ts --nx-ignore-cycles",
  41 |     "build:watch": "nx watch --all --nx-ignore-cycles -- nx run \\$NX_PROJECT_NAME:build --nx-ignore-cycles",

[NX Daemon Server] - 2026-02-02T08:25:44.869Z - Time taken for 'build-project-configs' 36.32520000002114ms
[NX Daemon Server] - 2026-02-02T08:25:46.132Z - [WATCHER]: package.json was modified
[NX Daemon Server] - 2026-02-02T08:25:46.133Z - [WATCHER]: Processing file changes in outputs
[NX Daemon Server] - 2026-02-02T08:25:46.555Z - [REQUEST]: Updated workspace context based on watched changes, recomputing project graph...
[NX Daemon Server] - 2026-02-02T08:25:46.555Z - [REQUEST]: package.json
[NX Daemon Server] - 2026-02-02T08:25:46.555Z - [REQUEST]: 
[NX Daemon Server] - 2026-02-02T08:25:46.569Z - Time taken for 'hash changed files from watcher' 7.858599999977741ms
[NX Daemon Server] - 2026-02-02T08:25:46.684Z - Time taken for 'build-project-configs' 64.39199999999255ms
[NX Daemon Server] - 2026-02-02T08:25:46.834Z - [SYNC]: collect registered sync generators
[NX Daemon Server] - 2026-02-02T08:25:46.836Z - [SYNC]: project graph hash is the same, not collecting task sync generators
[NX Daemon Server] - 2026-02-02T08:25:46.836Z - [SYNC]: nx.json hash is the same, not collecting global sync generators
[NX Daemon Server] - 2026-02-02T08:25:46.836Z - Time taken for 'total execution time for createProjectGraph()' 132.81640000001062ms
[NX Daemon Server] - 2026-02-02T08:26:19.839Z - [WATCHER]: Processing file changes in outputs
[NX Daemon Server] - 2026-02-02T08:26:19.841Z - [WATCHER]: package.json was modified
[NX Daemon Server] - 2026-02-02T08:26:20.659Z - [REQUEST]: Updated workspace context based on watched changes, recomputing project graph...
[NX Daemon Server] - 2026-02-02T08:26:20.659Z - [REQUEST]: package.json
[NX Daemon Server] - 2026-02-02T08:26:20.659Z - [REQUEST]: 
[NX Daemon Server] - 2026-02-02T08:26:20.668Z - Time taken for 'hash changed files from watcher' 5.391299999959301ms
[NX Daemon Server] - 2026-02-02T08:26:20.764Z - Time taken for 'build-project-configs' 50.70339999999851ms
[NX Daemon Server] - 2026-02-02T08:26:20.864Z - [SYNC]: collect registered sync generators
[NX Daemon Server] - 2026-02-02T08:26:20.867Z - [SYNC]: project graph hash is the same, not collecting task sync generators
[NX Daemon Server] - 2026-02-02T08:26:20.867Z - [SYNC]: nx.json hash is the same, not collecting global sync generators
[NX Daemon Server] - 2026-02-02T08:26:20.867Z - Time taken for 'total execution time for createProjectGraph()' 83.76430000003893ms
[NX Daemon Server] - 2026-02-02T08:38:18.466Z - [WATCHER]: Processing file changes in outputs
[NX Daemon Server] - 2026-02-02T08:42:40.299Z - Established a connection. Number of open connections: 1
[NX Daemon Server] - 2026-02-02T08:42:40.300Z - Closed a connection. Number of open connections: 0
[NX Daemon Server] - 2026-02-02T08:42:40.300Z - Established a connection. Number of open connections: 1
[NX Daemon Server] - 2026-02-02T08:42:40.305Z - [REQUEST]: Client Request for Project Graph Received
[NX Daemon Server] - 2026-02-02T08:42:40.306Z - [REQUEST]: Responding to the client. project-graph
[NX Daemon Server] - 2026-02-02T08:42:40.308Z - Time taken for 'total for creating and serializing project graph' 0.6681999999564141ms
[NX Daemon Server] - 2026-02-02T08:42:40.311Z - Done responding to the client project-graph
[NX Daemon Server] - 2026-02-02T08:42:40.311Z - Handled REQUEST_PROJECT_GRAPH. Handling time: 1. Response time: 5.
[NX Daemon Server] - 2026-02-02T08:42:40.329Z - [REQUEST]: Responding to the client. handleRunPreTasksExecution
[NX Daemon Server] - 2026-02-02T08:42:40.330Z - Time taken for 'preTasksExecution' 0.31319999997504056ms
[NX Daemon Server] - 2026-02-02T08:42:40.330Z - Done responding to the client handleRunPreTasksExecution
[NX Daemon Server] - 2026-02-02T08:42:40.330Z - Handled PRE_TASKS_EXECUTION. Handling time: 0. Response time: 1.
[NX Daemon Server] - 2026-02-02T08:42:40.676Z - [REQUEST]: Responding to the client. handleHashTasks
[NX Daemon Server] - 2026-02-02T08:42:40.687Z - Done responding to the client handleHashTasks
[NX Daemon Server] - 2026-02-02T08:42:40.687Z - Handled HASH_TASKS. Handling time: 284. Response time: 11.
[NX Daemon Server] - 2026-02-02T08:42:40.727Z - [REQUEST]: Responding to the client. handleGetEstimatedTaskTimings
[NX Daemon Server] - 2026-02-02T08:42:40.727Z - Done responding to the client handleGetEstimatedTaskTimings
[NX Daemon Server] - 2026-02-02T08:42:40.727Z - Handled GET_ESTIMATED_TASK_TIMINGS. Handling time: 1. Response time: 0.
[NX Daemon Server] - 2026-02-02T08:42:40.811Z - [REQUEST]: Responding to the client. outputsHashesMatch
[NX Daemon Server] - 2026-02-02T08:42:40.811Z - Done responding to the client outputsHashesMatch
[NX Daemon Server] - 2026-02-02T08:42:40.811Z - Handled OUTPUTS_HASHES_MATCH. Handling time: 21. Response time: 0.
[NX Daemon Server] - 2026-02-02T08:42:40.819Z - [REQUEST]: Responding to the client. outputsHashesMatch
[NX Daemon Server] - 2026-02-02T08:42:40.820Z - Done responding to the client outputsHashesMatch
[NX Daemon Server] - 2026-02-02T08:42:40.820Z - Handled OUTPUTS_HASHES_MATCH. Handling time: 6. Response time: 1.
[NX Daemon Server] - 2026-02-02T08:42:40.840Z - [REQUEST]: Responding to the client. outputsHashesMatch
[NX Daemon Server] - 2026-02-02T08:42:40.841Z - Done responding to the client outputsHashesMatch
[NX Daemon Server] - 2026-02-02T08:42:40.841Z - Handled OUTPUTS_HASHES_MATCH. Handling time: 19. Response time: 1.
[NX Daemon Server] - 2026-02-02T08:42:40.919Z - [REQUEST]: Responding to the client. outputsHashesMatch
[NX Daemon Server] - 2026-02-02T08:42:40.919Z - [WATCHER]: Processing file changes in outputs
[NX Daemon Server] - 2026-02-02T08:42:40.919Z - Done responding to the client outputsHashesMatch
[NX Daemon Server] - 2026-02-02T08:42:40.919Z - Handled OUTPUTS_HASHES_MATCH. Handling time: 23. Response time: 0.
[NX Daemon Server] - 2026-02-02T08:42:41.068Z - [WATCHER]: Processing file changes in outputs
[NX Daemon Server] - 2026-02-02T08:42:41.563Z - [REQUEST]: Responding to the client. outputsHashesMatch
[NX Daemon Server] - 2026-02-02T08:42:41.564Z - Done responding to the client outputsHashesMatch
[NX Daemon Server] - 2026-02-02T08:42:41.564Z - Handled OUTPUTS_HASHES_MATCH. Handling time: 7. Response time: 1.
[NX Daemon Server] - 2026-02-02T08:42:41.632Z - [WATCHER]: Processing file changes in outputs
[NX Daemon Server] - 2026-02-02T08:42:41.677Z - [REQUEST]: Responding to the client. outputsHashesMatch
[NX Daemon Server] - 2026-02-02T08:42:41.677Z - Done responding to the client outputsHashesMatch
[NX Daemon Server] - 2026-02-02T08:42:41.677Z - Handled OUTPUTS_HASHES_MATCH. Handling time: 33. Response time: 0.
[NX Daemon Server] - 2026-02-02T08:42:41.902Z - [WATCHER]: Processing file changes in outputs
[NX Daemon Server] - 2026-02-02T08:42:42.350Z - [REQUEST]: Responding to the client. outputsHashesMatch
[NX Daemon Server] - 2026-02-02T08:42:42.350Z - Done responding to the client outputsHashesMatch
[NX Daemon Server] - 2026-02-02T08:42:42.350Z - Handled OUTPUTS_HASHES_MATCH. Handling time: 9. Response time: 0.
[NX Daemon Server] - 2026-02-02T08:42:42.424Z - [REQUEST]: Responding to the client. outputsHashesMatch
[NX Daemon Server] - 2026-02-02T08:42:42.424Z - [WATCHER]: Processing file changes in outputs
[NX Daemon Server] - 2026-02-02T08:42:42.424Z - Done responding to the client outputsHashesMatch
[NX Daemon Server] - 2026-02-02T08:42:42.424Z - Handled OUTPUTS_HASHES_MATCH. Handling time: 20. Response time: 0.
[NX Daemon Server] - 2026-02-02T08:42:42.450Z - [REQUEST]: Responding to the client. recordOutputsHash
[NX Daemon Server] - 2026-02-02T08:42:42.451Z - Done responding to the client recordOutputsHash
[NX Daemon Server] - 2026-02-02T08:42:42.451Z - Handled RECORD_OUTPUTS_HASH. Handling time: 24. Response time: 1.
[NX Daemon Server] - 2026-02-02T08:42:42.494Z - [REQUEST]: Responding to the client. recordOutputsHash
[NX Daemon Server] - 2026-02-02T08:42:42.495Z - Done responding to the client recordOutputsHash
[NX Daemon Server] - 2026-02-02T08:42:42.495Z - Handled RECORD_OUTPUTS_HASH. Handling time: 10. Response time: 1.
[NX Daemon Server] - 2026-02-02T08:42:42.511Z - [REQUEST]: Responding to the client. recordOutputsHash
[NX Daemon Server] - 2026-02-02T08:42:42.512Z - Done responding to the client recordOutputsHash
[NX Daemon Server] - 2026-02-02T08:42:42.512Z - Handled RECORD_OUTPUTS_HASH. Handling time: 6. Response time: 1.
[NX Daemon Server] - 2026-02-02T08:42:42.544Z - [REQUEST]: Responding to the client. recordOutputsHash
[NX Daemon Server] - 2026-02-02T08:42:42.544Z - Done responding to the client recordOutputsHash
[NX Daemon Server] - 2026-02-02T08:42:42.544Z - Handled RECORD_OUTPUTS_HASH. Handling time: 24. Response time: 0.
[NX Daemon Server] - 2026-02-02T08:42:42.559Z - [REQUEST]: Responding to the client. recordOutputsHash
[NX Daemon Server] - 2026-02-02T08:42:42.559Z - Done responding to the client recordOutputsHash
[NX Daemon Server] - 2026-02-02T08:42:42.560Z - Handled RECORD_OUTPUTS_HASH. Handling time: 6. Response time: 1.
[NX Daemon Server] - 2026-02-02T08:42:42.587Z - [REQUEST]: Responding to the client. recordOutputsHash
[NX Daemon Server] - 2026-02-02T08:42:42.588Z - Done responding to the client recordOutputsHash
[NX Daemon Server] - 2026-02-02T08:42:42.588Z - Handled RECORD_OUTPUTS_HASH. Handling time: 19. Response time: 1.
[NX Daemon Server] - 2026-02-02T08:42:42.604Z - [REQUEST]: Responding to the client. recordOutputsHash
[NX Daemon Server] - 2026-02-02T08:42:42.604Z - Done responding to the client recordOutputsHash
[NX Daemon Server] - 2026-02-02T08:42:42.604Z - Handled RECORD_OUTPUTS_HASH. Handling time: 6. Response time: 0.
[NX Daemon Server] - 2026-02-02T08:42:42.627Z - [REQUEST]: Responding to the client. recordOutputsHash
[NX Daemon Server] - 2026-02-02T08:42:42.628Z - Done responding to the client recordOutputsHash
[NX Daemon Server] - 2026-02-02T08:42:42.628Z - Handled RECORD_OUTPUTS_HASH. Handling time: 15. Response time: 1.
[NX Daemon Server] - 2026-02-02T08:42:42.657Z - [REQUEST]: Responding to the client. outputsHashesMatch
[NX Daemon Server] - 2026-02-02T08:42:42.657Z - Done responding to the client outputsHashesMatch
[NX Daemon Server] - 2026-02-02T08:42:42.657Z - Handled OUTPUTS_HASHES_MATCH. Handling time: 22. Response time: 0.
[NX Daemon Server] - 2026-02-02T08:42:42.802Z - [WATCHER]: Processing file changes in outputs
[NX Daemon Server] - 2026-02-02T08:42:43.350Z - [REQUEST]: Responding to the client. outputsHashesMatch
[NX Daemon Server] - 2026-02-02T08:42:43.350Z - Done responding to the client outputsHashesMatch
[NX Daemon Server] - 2026-02-02T08:42:43.351Z - Handled OUTPUTS_HASHES_MATCH. Handling time: 8. Response time: 1.
[NX Daemon Server] - 2026-02-02T08:42:43.410Z - [WATCHER]: Processing file changes in outputs
[NX Daemon Server] - 2026-02-02T08:42:43.434Z - [REQUEST]: Responding to the client. outputsHashesMatch
[NX Daemon Server] - 2026-02-02T08:42:43.434Z - Done responding to the client outputsHashesMatch
[NX Daemon Server] - 2026-02-02T08:42:43.434Z - Handled OUTPUTS_HASHES_MATCH. Handling time: 18. Response time: 0.
[NX Daemon Server] - 2026-02-02T08:42:43.456Z - [REQUEST]: Responding to the client. outputsHashesMatch
[NX Daemon Server] - 2026-02-02T08:42:43.457Z - Done responding to the client outputsHashesMatch
[NX Daemon Server] - 2026-02-02T08:42:43.457Z - Handled OUTPUTS_HASHES_MATCH. Handling time: 20. Response time: 1.
[NX Daemon Server] - 2026-02-02T08:42:43.466Z - [REQUEST]: Responding to the client. outputsHashesMatch
[NX Daemon Server] - 2026-02-02T08:42:43.466Z - Done responding to the client outputsHashesMatch
[NX Daemon Server] - 2026-02-02T08:42:43.467Z - Handled OUTPUTS_HASHES_MATCH. Handling time: 7. Response time: 1.
[NX Daemon Server] - 2026-02-02T08:42:43.478Z - [REQUEST]: Responding to the client. outputsHashesMatch
[NX Daemon Server] - 2026-02-02T08:42:43.479Z - Done responding to the client outputsHashesMatch
[NX Daemon Server] - 2026-02-02T08:42:43.479Z - Handled OUTPUTS_HASHES_MATCH. Handling time: 9. Response time: 1.
[NX Daemon Server] - 2026-02-02T08:42:43.537Z - [WATCHER]: Processing file changes in outputs
[NX Daemon Server] - 2026-02-02T08:42:43.723Z - [REQUEST]: Responding to the client. outputsHashesMatch
[NX Daemon Server] - 2026-02-02T08:42:43.723Z - Done responding to the client outputsHashesMatch
[NX Daemon Server] - 2026-02-02T08:42:43.723Z - Handled OUTPUTS_HASHES_MATCH. Handling time: 112. Response time: 0.
[NX Daemon Server] - 2026-02-02T08:42:43.791Z - [REQUEST]: Responding to the client. outputsHashesMatch
[NX Daemon Server] - 2026-02-02T08:42:43.792Z - Done responding to the client outputsHashesMatch
[NX Daemon Server] - 2026-02-02T08:42:43.792Z - Handled OUTPUTS_HASHES_MATCH. Handling time: 66. Response time: 1.
[NX Daemon Server] - 2026-02-02T08:42:43.825Z - [REQUEST]: Responding to the client. recordOutputsHash
[NX Daemon Server] - 2026-02-02T08:42:43.826Z - Done responding to the client recordOutputsHash
[NX Daemon Server] - 2026-02-02T08:42:43.826Z - Handled RECORD_OUTPUTS_HASH. Handling time: 32. Response time: 1.
[NX Daemon Server] - 2026-02-02T08:42:43.862Z - [REQUEST]: Responding to the client. recordOutputsHash
[NX Daemon Server] - 2026-02-02T08:42:43.862Z - Done responding to the client recordOutputsHash
[NX Daemon Server] - 2026-02-02T08:42:43.862Z - Handled RECORD_OUTPUTS_HASH. Handling time: 7. Response time: 0.
[NX Daemon Server] - 2026-02-02T08:42:43.895Z - [REQUEST]: Responding to the client. recordOutputsHash
[NX Daemon Server] - 2026-02-02T08:42:43.895Z - Done responding to the client recordOutputsHash
[NX Daemon Server] - 2026-02-02T08:42:43.896Z - Handled RECORD_OUTPUTS_HASH. Handling time: 15. Response time: 1.
[NX Daemon Server] - 2026-02-02T08:42:43.945Z - [REQUEST]: Responding to the client. recordOutputsHash
[NX Daemon Server] - 2026-02-02T08:42:43.946Z - Done responding to the client recordOutputsHash
[NX Daemon Server] - 2026-02-02T08:42:43.946Z - Handled RECORD_OUTPUTS_HASH. Handling time: 19. Response time: 1.
[NX Daemon Server] - 2026-02-02T08:42:43.962Z - [REQUEST]: Responding to the client. recordOutputsHash
[NX Daemon Server] - 2026-02-02T08:42:43.962Z - Done responding to the client recordOutputsHash
[NX Daemon Server] - 2026-02-02T08:42:43.962Z - Handled RECORD_OUTPUTS_HASH. Handling time: 5. Response time: 1.
[NX Daemon Server] - 2026-02-02T08:42:43.981Z - [REQUEST]: Responding to the client. recordOutputsHash
[NX Daemon Server] - 2026-02-02T08:42:43.981Z - Done responding to the client recordOutputsHash
[NX Daemon Server] - 2026-02-02T08:42:43.981Z - Handled RECORD_OUTPUTS_HASH. Handling time: 10. Response time: 0.
[NX Daemon Server] - 2026-02-02T08:42:44.117Z - [REQUEST]: Responding to the client. recordOutputsHash
[NX Daemon Server] - 2026-02-02T08:42:44.117Z - Done responding to the client recordOutputsHash
[NX Daemon Server] - 2026-02-02T08:42:44.118Z - Handled RECORD_OUTPUTS_HASH. Handling time: 128. Response time: 1.
[NX Daemon Server] - 2026-02-02T08:42:44.194Z - [REQUEST]: Responding to the client. recordOutputsHash
[NX Daemon Server] - 2026-02-02T08:42:44.195Z - Done responding to the client recordOutputsHash
[NX Daemon Server] - 2026-02-02T08:42:44.195Z - Handled RECORD_OUTPUTS_HASH. Handling time: 65. Response time: 1.
[NX Daemon Server] - 2026-02-02T08:42:44.226Z - [REQUEST]: Responding to the client. outputsHashesMatch
[NX Daemon Server] - 2026-02-02T08:42:44.226Z - Done responding to the client outputsHashesMatch
[NX Daemon Server] - 2026-02-02T08:42:44.227Z - Handled OUTPUTS_HASHES_MATCH. Handling time: 22. Response time: 1.
[NX Daemon Server] - 2026-02-02T08:42:44.360Z - [WATCHER]: Processing file changes in outputs
[NX Daemon Server] - 2026-02-02T08:42:44.598Z - [REQUEST]: Responding to the client. outputsHashesMatch
[NX Daemon Server] - 2026-02-02T08:42:44.599Z - Done responding to the client outputsHashesMatch
[NX Daemon Server] - 2026-02-02T08:42:44.599Z - Handled OUTPUTS_HASHES_MATCH. Handling time: 39. Response time: 1.
[NX Daemon Server] - 2026-02-02T08:42:44.613Z - [REQUEST]: Responding to the client. outputsHashesMatch
[NX Daemon Server] - 2026-02-02T08:42:44.614Z - Done responding to the client outputsHashesMatch
[NX Daemon Server] - 2026-02-02T08:42:44.614Z - Handled OUTPUTS_HASHES_MATCH. Handling time: 12. Response time: 1.
[NX Daemon Server] - 2026-02-02T08:42:44.765Z - [WATCHER]: Processing file changes in outputs
[NX Daemon Server] - 2026-02-02T08:42:44.861Z - [REQUEST]: Responding to the client. outputsHashesMatch
[NX Daemon Server] - 2026-02-02T08:42:44.862Z - Done responding to the client outputsHashesMatch
[NX Daemon Server] - 2026-02-02T08:42:44.862Z - Handled OUTPUTS_HASHES_MATCH. Handling time: 8. Response time: 1.
[NX Daemon Server] - 2026-02-02T08:42:44.879Z - [REQUEST]: Responding to the client. outputsHashesMatch
[NX Daemon Server] - 2026-02-02T08:42:44.880Z - Done responding to the client outputsHashesMatch
[NX Daemon Server] - 2026-02-02T08:42:44.880Z - Handled OUTPUTS_HASHES_MATCH. Handling time: 5. Response time: 1.
[NX Daemon Server] - 2026-02-02T08:42:44.911Z - [REQUEST]: Responding to the client. outputsHashesMatch
[NX Daemon Server] - 2026-02-02T08:42:44.911Z - Done responding to the client outputsHashesMatch
[NX Daemon Server] - 2026-02-02T08:42:44.911Z - Handled OUTPUTS_HASHES_MATCH. Handling time: 29. Response time: 0.
[NX Daemon Server] - 2026-02-02T08:42:44.936Z - [REQUEST]: Responding to the client. outputsHashesMatch
[NX Daemon Server] - 2026-02-02T08:42:44.937Z - [WATCHER]: Processing file changes in outputs
[NX Daemon Server] - 2026-02-02T08:42:44.937Z - Done responding to the client outputsHashesMatch
[NX Daemon Server] - 2026-02-02T08:42:44.937Z - Handled OUTPUTS_HASHES_MATCH. Handling time: 23. Response time: 1.
[NX Daemon Server] - 2026-02-02T08:42:45.003Z - [REQUEST]: Responding to the client. outputsHashesMatch
[NX Daemon Server] - 2026-02-02T08:42:45.004Z - Done responding to the client outputsHashesMatch
[NX Daemon Server] - 2026-02-02T08:42:45.004Z - Handled OUTPUTS_HASHES_MATCH. Handling time: 64. Response time: 1.
[NX Daemon Server] - 2026-02-02T08:42:45.022Z - [REQUEST]: Responding to the client. recordOutputsHash
[NX Daemon Server] - 2026-02-02T08:42:45.023Z - Done responding to the client recordOutputsHash
[NX Daemon Server] - 2026-02-02T08:42:45.023Z - Handled RECORD_OUTPUTS_HASH. Handling time: 17. Response time: 1.
[NX Daemon Server] - 2026-02-02T08:42:45.135Z - [REQUEST]: Responding to the client. recordOutputsHash
[NX Daemon Server] - 2026-02-02T08:42:45.136Z - Done responding to the client recordOutputsHash
[NX Daemon Server] - 2026-02-02T08:42:45.136Z - Handled RECORD_OUTPUTS_HASH. Handling time: 42. Response time: 1.
[NX Daemon Server] - 2026-02-02T08:42:45.218Z - [REQUEST]: Responding to the client. recordOutputsHash
[NX Daemon Server] - 2026-02-02T08:42:45.219Z - Done responding to the client recordOutputsHash
[NX Daemon Server] - 2026-02-02T08:42:45.219Z - Handled RECORD_OUTPUTS_HASH. Handling time: 13. Response time: 1.
[NX Daemon Server] - 2026-02-02T08:42:45.281Z - [REQUEST]: Responding to the client. recordOutputsHash
[NX Daemon Server] - 2026-02-02T08:42:45.282Z - Done responding to the client recordOutputsHash
[NX Daemon Server] - 2026-02-02T08:42:45.282Z - Handled RECORD_OUTPUTS_HASH. Handling time: 6. Response time: 1.
[NX Daemon Server] - 2026-02-02T08:42:45.355Z - [REQUEST]: Responding to the client. recordOutputsHash
[NX Daemon Server] - 2026-02-02T08:42:45.356Z - Done responding to the client recordOutputsHash
[NX Daemon Server] - 2026-02-02T08:42:45.356Z - Handled RECORD_OUTPUTS_HASH. Handling time: 5. Response time: 1.
[NX Daemon Server] - 2026-02-02T08:42:45.468Z - [REQUEST]: Responding to the client. recordOutputsHash
[NX Daemon Server] - 2026-02-02T08:42:45.481Z - Done responding to the client recordOutputsHash
[NX Daemon Server] - 2026-02-02T08:42:45.481Z - Handled RECORD_OUTPUTS_HASH. Handling time: 44. Response time: 13.
[NX Daemon Server] - 2026-02-02T08:42:46.202Z - [REQUEST]: Responding to the client. recordOutputsHash
[NX Daemon Server] - 2026-02-02T08:42:46.202Z - Done responding to the client recordOutputsHash
[NX Daemon Server] - 2026-02-02T08:42:46.202Z - Handled RECORD_OUTPUTS_HASH. Handling time: 42. Response time: 0.
[NX Daemon Server] - 2026-02-02T08:42:46.694Z - [REQUEST]: Responding to the client. recordOutputsHash
[NX Daemon Server] - 2026-02-02T08:42:46.694Z - Done responding to the client recordOutputsHash
[NX Daemon Server] - 2026-02-02T08:42:46.694Z - Handled RECORD_OUTPUTS_HASH. Handling time: 124. Response time: 0.
[NX Daemon Server] - 2026-02-02T08:43:09.336Z - [REQUEST]: Responding to the client. recordOutputsHash
[NX Daemon Server] - 2026-02-02T08:43:09.336Z - Done responding to the client recordOutputsHash
[NX Daemon Server] - 2026-02-02T08:43:09.336Z - Handled RECORD_OUTPUTS_HASH. Handling time: 88. Response time: 0.
[NX Daemon Server] - 2026-02-02T08:43:11.214Z - [REQUEST]: Responding to the client. recordOutputsHash
[NX Daemon Server] - 2026-02-02T08:43:11.215Z - Done responding to the client recordOutputsHash
[NX Daemon Server] - 2026-02-02T08:43:11.215Z - Handled RECORD_OUTPUTS_HASH. Handling time: 48. Response time: 1.
[NX Daemon Server] - 2026-02-02T08:43:12.692Z - [REQUEST]: Responding to the client. recordOutputsHash
[NX Daemon Server] - 2026-02-02T08:43:12.692Z - Done responding to the client recordOutputsHash
[NX Daemon Server] - 2026-02-02T08:43:12.692Z - Handled RECORD_OUTPUTS_HASH. Handling time: 63. Response time: 0.
[NX Daemon Server] - 2026-02-02T08:43:14.602Z - [REQUEST]: Responding to the client. recordOutputsHash
[NX Daemon Server] - 2026-02-02T08:43:14.606Z - Done responding to the client recordOutputsHash
[NX Daemon Server] - 2026-02-02T08:43:14.606Z - Handled RECORD_OUTPUTS_HASH. Handling time: 96. Response time: 4.
[NX Daemon Server] - 2026-02-02T08:43:16.768Z - [REQUEST]: Responding to the client. recordOutputsHash
[NX Daemon Server] - 2026-02-02T08:43:16.769Z - Done responding to the client recordOutputsHash
[NX Daemon Server] - 2026-02-02T08:43:16.769Z - Handled RECORD_OUTPUTS_HASH. Handling time: 60. Response time: 1.
[NX Daemon Server] - 2026-02-02T08:43:19.667Z - [REQUEST]: Responding to the client. recordOutputsHash
[NX Daemon Server] - 2026-02-02T08:43:19.669Z - Done responding to the client recordOutputsHash
[NX Daemon Server] - 2026-02-02T08:43:19.670Z - Handled RECORD_OUTPUTS_HASH. Handling time: 113. Response time: 3.
[NX Daemon Server] - 2026-02-02T08:43:21.964Z - [REQUEST]: Responding to the client. recordOutputsHash
[NX Daemon Server] - 2026-02-02T08:43:21.968Z - Done responding to the client recordOutputsHash
[NX Daemon Server] - 2026-02-02T08:43:21.968Z - Handled RECORD_OUTPUTS_HASH. Handling time: 90. Response time: 4.
[NX Daemon Server] - 2026-02-02T08:43:24.595Z - [REQUEST]: Responding to the client. recordOutputsHash
[NX Daemon Server] - 2026-02-02T08:43:24.596Z - Done responding to the client recordOutputsHash
[NX Daemon Server] - 2026-02-02T08:43:24.596Z - Handled RECORD_OUTPUTS_HASH. Handling time: 276. Response time: 1.
[NX Daemon Server] - 2026-02-02T08:43:41.080Z - [REQUEST]: Responding to the client. recordOutputsHash
[NX Daemon Server] - 2026-02-02T08:43:41.083Z - Done responding to the client recordOutputsHash
[NX Daemon Server] - 2026-02-02T08:43:41.083Z - Handled RECORD_OUTPUTS_HASH. Handling time: 106. Response time: 3.
[NX Daemon Server] - 2026-02-02T08:43:42.218Z - [REQUEST]: Responding to the client. recordOutputsHash
[NX Daemon Server] - 2026-02-02T08:43:42.219Z - Done responding to the client recordOutputsHash
[NX Daemon Server] - 2026-02-02T08:43:42.219Z - Handled RECORD_OUTPUTS_HASH. Handling time: 106. Response time: 1.
[NX Daemon Server] - 2026-02-02T08:43:45.405Z - [REQUEST]: Responding to the client. recordOutputsHash
[NX Daemon Server] - 2026-02-02T08:43:45.406Z - Done responding to the client recordOutputsHash
[NX Daemon Server] - 2026-02-02T08:43:45.406Z - Handled RECORD_OUTPUTS_HASH. Handling time: 41. Response time: 1.
[NX Daemon Server] - 2026-02-02T08:43:46.800Z - [REQUEST]: Responding to the client. recordOutputsHash
[NX Daemon Server] - 2026-02-02T08:43:46.801Z - Done responding to the client recordOutputsHash
[NX Daemon Server] - 2026-02-02T08:43:46.801Z - Handled RECORD_OUTPUTS_HASH. Handling time: 31. Response time: 1.
[NX Daemon Server] - 2026-02-02T08:43:47.011Z - [REQUEST]: Responding to the client. recordOutputsHash
[NX Daemon Server] - 2026-02-02T08:43:47.011Z - Done responding to the client recordOutputsHash
[NX Daemon Server] - 2026-02-02T08:43:47.011Z - Handled RECORD_OUTPUTS_HASH. Handling time: 47. Response time: 0.
[NX Daemon Server] - 2026-02-02T08:44:00.822Z - [REQUEST]: Responding to the client. recordOutputsHash
[NX Daemon Server] - 2026-02-02T08:44:00.822Z - Done responding to the client recordOutputsHash
[NX Daemon Server] - 2026-02-02T08:44:00.822Z - Handled RECORD_OUTPUTS_HASH. Handling time: 43. Response time: 1.
[NX Daemon Server] - 2026-02-02T08:44:02.427Z - [REQUEST]: Responding to the client. recordOutputsHash
[NX Daemon Server] - 2026-02-02T08:44:02.435Z - Done responding to the client recordOutputsHash
[NX Daemon Server] - 2026-02-02T08:44:02.436Z - Handled RECORD_OUTPUTS_HASH. Handling time: 59. Response time: 9.
[NX Daemon Server] - 2026-02-02T08:44:16.216Z - [REQUEST]: Responding to the client. recordOutputsHash
[NX Daemon Server] - 2026-02-02T08:44:16.217Z - Done responding to the client recordOutputsHash
[NX Daemon Server] - 2026-02-02T08:44:16.217Z - Handled RECORD_OUTPUTS_HASH. Handling time: 51. Response time: 1.
[NX Daemon Server] - 2026-02-02T08:44:23.777Z - [REQUEST]: Responding to the client. recordOutputsHash
[NX Daemon Server] - 2026-02-02T08:44:23.778Z - Done responding to the client recordOutputsHash
[NX Daemon Server] - 2026-02-02T08:44:23.778Z - Handled RECORD_OUTPUTS_HASH. Handling time: 173. Response time: 2.
[NX Daemon Server] - 2026-02-02T08:44:25.482Z - [REQUEST]: Responding to the client. recordOutputsHash
[NX Daemon Server] - 2026-02-02T08:44:25.482Z - Done responding to the client recordOutputsHash
[NX Daemon Server] - 2026-02-02T08:44:25.482Z - Handled RECORD_OUTPUTS_HASH. Handling time: 19. Response time: 0.
[NX Daemon Server] - 2026-02-02T08:44:27.228Z - [REQUEST]: Responding to the client. recordOutputsHash
[NX Daemon Server] - 2026-02-02T08:44:27.229Z - Done responding to the client recordOutputsHash
[NX Daemon Server] - 2026-02-02T08:44:27.229Z - Handled RECORD_OUTPUTS_HASH. Handling time: 131. Response time: 1.
[NX Daemon Server] - 2026-02-02T08:44:31.311Z - [REQUEST]: Responding to the client. recordOutputsHash
[NX Daemon Server] - 2026-02-02T08:44:31.312Z - Done responding to the client recordOutputsHash
[NX Daemon Server] - 2026-02-02T08:44:31.312Z - Handled RECORD_OUTPUTS_HASH. Handling time: 103. Response time: 1.
[NX Daemon Server] - 2026-02-02T08:44:35.233Z - [REQUEST]: Responding to the client. recordOutputsHash
[NX Daemon Server] - 2026-02-02T08:44:35.233Z - Done responding to the client recordOutputsHash
[NX Daemon Server] - 2026-02-02T08:44:35.233Z - Handled RECORD_OUTPUTS_HASH. Handling time: 18. Response time: 0.
[NX Daemon Server] - 2026-02-02T08:44:37.008Z - [REQUEST]: Responding to the client. recordOutputsHash
[NX Daemon Server] - 2026-02-02T08:44:37.008Z - Done responding to the client recordOutputsHash
[NX Daemon Server] - 2026-02-02T08:44:37.008Z - Handled RECORD_OUTPUTS_HASH. Handling time: 26. Response time: 0.
[NX Daemon Server] - 2026-02-02T08:44:44.746Z - [REQUEST]: Responding to the client. recordOutputsHash
[NX Daemon Server] - 2026-02-02T08:44:44.751Z - Done responding to the client recordOutputsHash
[NX Daemon Server] - 2026-02-02T08:44:44.751Z - Handled RECORD_OUTPUTS_HASH. Handling time: 22. Response time: 5.
[NX Daemon Server] - 2026-02-02T08:44:46.697Z - [REQUEST]: Responding to the client. recordOutputsHash
[NX Daemon Server] - 2026-02-02T08:44:46.698Z - Done responding to the client recordOutputsHash
[NX Daemon Server] - 2026-02-02T08:44:46.698Z - Handled RECORD_OUTPUTS_HASH. Handling time: 21. Response time: 1.
[NX Daemon Server] - 2026-02-02T08:44:47.527Z - [REQUEST]: Responding to the client. recordOutputsHash
[NX Daemon Server] - 2026-02-02T08:44:47.528Z - Done responding to the client recordOutputsHash
[NX Daemon Server] - 2026-02-02T08:44:47.528Z - Handled RECORD_OUTPUTS_HASH. Handling time: 20. Response time: 1.
[NX Daemon Server] - 2026-02-02T08:44:58.650Z - [REQUEST]: Responding to the client. recordOutputsHash
[NX Daemon Server] - 2026-02-02T08:44:58.651Z - Done responding to the client recordOutputsHash
[NX Daemon Server] - 2026-02-02T08:44:58.651Z - Handled RECORD_OUTPUTS_HASH. Handling time: 10. Response time: 1.
[NX Daemon Server] - 2026-02-02T08:44:58.709Z - [REQUEST]: Responding to the client. recordOutputsHash
[NX Daemon Server] - 2026-02-02T08:44:58.710Z - Done responding to the client recordOutputsHash
[NX Daemon Server] - 2026-02-02T08:44:58.710Z - Handled RECORD_OUTPUTS_HASH. Handling time: 21. Response time: 1.
[NX Daemon Server] - 2026-02-02T08:44:59.293Z - [REQUEST]: Responding to the client. recordOutputsHash
[NX Daemon Server] - 2026-02-02T08:44:59.294Z - Done responding to the client recordOutputsHash
[NX Daemon Server] - 2026-02-02T08:44:59.294Z - Handled RECORD_OUTPUTS_HASH. Handling time: 54. Response time: 1.
[NX Daemon Server] - 2026-02-02T08:44:59.876Z - [REQUEST]: Responding to the client. recordOutputsHash
[NX Daemon Server] - 2026-02-02T08:44:59.877Z - Done responding to the client recordOutputsHash
[NX Daemon Server] - 2026-02-02T08:44:59.877Z - Handled RECORD_OUTPUTS_HASH. Handling time: 24. Response time: 1.
[NX Daemon Server] - 2026-02-02T08:45:04.644Z - [REQUEST]: Responding to the client. recordOutputsHash
[NX Daemon Server] - 2026-02-02T08:45:04.645Z - Done responding to the client recordOutputsHash
[NX Daemon Server] - 2026-02-02T08:45:04.645Z - Handled RECORD_OUTPUTS_HASH. Handling time: 17. Response time: 1.
[NX Daemon Server] - 2026-02-02T08:45:09.592Z - [REQUEST]: Responding to the client. recordOutputsHash
[NX Daemon Server] - 2026-02-02T08:45:09.593Z - Done responding to the client recordOutputsHash
[NX Daemon Server] - 2026-02-02T08:45:09.593Z - Handled RECORD_OUTPUTS_HASH. Handling time: 9. Response time: 1.
[NX Daemon Server] - 2026-02-02T08:45:17.388Z - [REQUEST]: Responding to the client. recordOutputsHash
[NX Daemon Server] - 2026-02-02T08:45:17.389Z - Done responding to the client recordOutputsHash
[NX Daemon Server] - 2026-02-02T08:45:17.389Z - Handled RECORD_OUTPUTS_HASH. Handling time: 217. Response time: 1.
[NX Daemon Server] - 2026-02-02T08:46:28.927Z - [REQUEST]: Responding to the client. recordOutputsHash
[NX Daemon Server] - 2026-02-02T08:46:28.928Z - Done responding to the client recordOutputsHash
[NX Daemon Server] - 2026-02-02T08:46:28.928Z - Handled RECORD_OUTPUTS_HASH. Handling time: 106. Response time: 1.
[NX Daemon Server] - 2026-02-02T08:46:33.106Z - [REQUEST]: Responding to the client. recordOutputsHash
[NX Daemon Server] - 2026-02-02T08:46:33.106Z - Done responding to the client recordOutputsHash
[NX Daemon Server] - 2026-02-02T08:46:33.106Z - Handled RECORD_OUTPUTS_HASH. Handling time: 441. Response time: 0.
[NX Daemon Server] - 2026-02-02T08:46:50.727Z - [REQUEST]: Responding to the client. recordOutputsHash
[NX Daemon Server] - 2026-02-02T08:46:50.728Z - Done responding to the client recordOutputsHash
[NX Daemon Server] - 2026-02-02T08:46:50.728Z - Handled RECORD_OUTPUTS_HASH. Handling time: 250. Response time: 1.
[NX Daemon Server] - 2026-02-02T08:46:55.502Z - [REQUEST]: Responding to the client. recordOutputsHash
[NX Daemon Server] - 2026-02-02T08:46:55.502Z - Done responding to the client recordOutputsHash
[NX Daemon Server] - 2026-02-02T08:46:55.502Z - Handled RECORD_OUTPUTS_HASH. Handling time: 246. Response time: 0.
[NX Daemon Server] - 2026-02-02T08:47:12.867Z - [REQUEST]: Responding to the client. recordOutputsHash
[NX Daemon Server] - 2026-02-02T08:47:12.868Z - Done responding to the client recordOutputsHash
[NX Daemon Server] - 2026-02-02T08:47:12.868Z - Handled RECORD_OUTPUTS_HASH. Handling time: 219. Response time: 1.
[NX Daemon Server] - 2026-02-02T08:48:06.498Z - [REQUEST]: Responding to the client. recordOutputsHash
[NX Daemon Server] - 2026-02-02T08:48:06.498Z - Done responding to the client recordOutputsHash
[NX Daemon Server] - 2026-02-02T08:48:06.499Z - Handled RECORD_OUTPUTS_HASH. Handling time: 76. Response time: 1.
[NX Daemon Server] - 2026-02-02T08:48:07.607Z - [REQUEST]: Responding to the client. recordOutputsHash
[NX Daemon Server] - 2026-02-02T08:48:07.608Z - Done responding to the client recordOutputsHash
[NX Daemon Server] - 2026-02-02T08:48:07.608Z - Handled RECORD_OUTPUTS_HASH. Handling time: 119. Response time: 1.
[NX Daemon Server] - 2026-02-02T08:48:08.449Z - [REQUEST]: Responding to the client. recordOutputsHash
[NX Daemon Server] - 2026-02-02T08:48:08.451Z - Done responding to the client recordOutputsHash
[NX Daemon Server] - 2026-02-02T08:48:08.451Z - Handled RECORD_OUTPUTS_HASH. Handling time: 113. Response time: 2.
[NX Daemon Server] - 2026-02-02T08:48:09.434Z - [REQUEST]: Responding to the client. handleRecordTaskRuns
[NX Daemon Server] - 2026-02-02T08:48:09.435Z - Done responding to the client handleRecordTaskRuns
[NX Daemon Server] - 2026-02-02T08:48:09.435Z - Handled RECORD_TASK_RUNS. Handling time: 3. Response time: 1.
[NX Daemon Server] - 2026-02-02T08:48:09.440Z - [REQUEST]: Responding to the client. handleGetFlakyTasks
[NX Daemon Server] - 2026-02-02T08:48:09.441Z - Done responding to the client handleGetFlakyTasks
[NX Daemon Server] - 2026-02-02T08:48:09.441Z - Handled GET_FLAKY_TASKS. Handling time: 2. Response time: 1.
[NX Daemon Server] - 2026-02-02T08:48:10.317Z - [REQUEST]: Responding to the client. handleRunPostTasksExecution
[NX Daemon Server] - 2026-02-02T08:48:10.317Z - Time taken for 'postTasksExecution' 0.9598999998997897ms
[NX Daemon Server] - 2026-02-02T08:48:10.318Z - Done responding to the client handleRunPostTasksExecution
[NX Daemon Server] - 2026-02-02T08:48:10.318Z - Handled POST_TASKS_EXECUTION. Handling time: 2. Response time: 1.
[NX Daemon Server] - 2026-02-02T08:48:10.329Z - Closed a connection. Number of open connections: 0
[NX Daemon Server] - 2026-02-02T09:11:43.991Z - Established a connection. Number of open connections: 1
[NX Daemon Server] - 2026-02-02T09:11:43.991Z - Closed a connection. Number of open connections: 0
[NX Daemon Server] - 2026-02-02T09:11:43.992Z - Established a connection. Number of open connections: 1
[NX Daemon Server] - 2026-02-02T09:11:43.996Z - [REQUEST]: Client Request for Project Graph Received
[NX Daemon Server] - 2026-02-02T09:11:43.997Z - [REQUEST]: Responding to the client. project-graph
[NX Daemon Server] - 2026-02-02T09:11:43.999Z - Time taken for 'total for creating and serializing project graph' 0.7094999998807907ms
[NX Daemon Server] - 2026-02-02T09:11:44.002Z - Done responding to the client project-graph
[NX Daemon Server] - 2026-02-02T09:11:44.003Z - Handled REQUEST_PROJECT_GRAPH. Handling time: 1. Response time: 6.
[NX Daemon Server] - 2026-02-02T09:11:44.019Z - [REQUEST]: Responding to the client. handleRunPreTasksExecution
[NX Daemon Server] - 2026-02-02T09:11:44.019Z - Time taken for 'preTasksExecution' 0.315399999730289ms
[NX Daemon Server] - 2026-02-02T09:11:44.019Z - Done responding to the client handleRunPreTasksExecution
[NX Daemon Server] - 2026-02-02T09:11:44.019Z - Handled PRE_TASKS_EXECUTION. Handling time: 0. Response time: 0.
[NX Daemon Server] - 2026-02-02T09:11:44.069Z - [REQUEST]: Responding to the client. handleHashTasks
[NX Daemon Server] - 2026-02-02T09:11:44.070Z - Done responding to the client handleHashTasks
[NX Daemon Server] - 2026-02-02T09:11:44.070Z - Handled HASH_TASKS. Handling time: 8. Response time: 1.
[NX Daemon Server] - 2026-02-02T09:11:44.090Z - [REQUEST]: Responding to the client. handleGetEstimatedTaskTimings
[NX Daemon Server] - 2026-02-02T09:11:44.090Z - Done responding to the client handleGetEstimatedTaskTimings
[NX Daemon Server] - 2026-02-02T09:11:44.090Z - Handled GET_ESTIMATED_TASK_TIMINGS. Handling time: 0. Response time: 0.
[NX Daemon Server] - 2026-02-02T09:11:44.096Z - [REQUEST]: Responding to the client. handleRecordTaskRuns
[NX Daemon Server] - 2026-02-02T09:11:44.097Z - Done responding to the client handleRecordTaskRuns
[NX Daemon Server] - 2026-02-02T09:11:44.097Z - Handled RECORD_TASK_RUNS. Handling time: 0. Response time: 1.
[NX Daemon Server] - 2026-02-02T09:11:44.099Z - [REQUEST]: Responding to the client. handleGetFlakyTasks
[NX Daemon Server] - 2026-02-02T09:11:44.099Z - Done responding to the client handleGetFlakyTasks
[NX Daemon Server] - 2026-02-02T09:11:44.099Z - Handled GET_FLAKY_TASKS. Handling time: 0. Response time: 0.
[NX Daemon Server] - 2026-02-02T09:11:44.474Z - [REQUEST]: Responding to the client. handleRunPostTasksExecution
[NX Daemon Server] - 2026-02-02T09:11:44.475Z - Time taken for 'postTasksExecution' 0.36750000016763806ms
[NX Daemon Server] - 2026-02-02T09:11:44.475Z - Done responding to the client handleRunPostTasksExecution
[NX Daemon Server] - 2026-02-02T09:11:44.475Z - Handled POST_TASKS_EXECUTION. Handling time: 0. Response time: 1.
[NX Daemon Server] - 2026-02-02T09:11:44.479Z - Closed a connection. Number of open connections: 0
[NX Daemon Server] - 2026-02-02T09:11:47.403Z - [WATCHER]: Processing file changes in outputs
[NX Daemon Server] - 2026-02-02T09:11:47.473Z - [WATCHER]: Processing file changes in outputs
[NX Daemon Server] - 2026-02-02T09:15:44.372Z - [WATCHER]: Processing file changes in outputs
[NX Daemon Server] - 2026-02-02T09:17:50.315Z - [WATCHER]: Processing file changes in outputs
[NX Daemon Server] - 2026-02-02T09:19:30.507Z - [WATCHER]: Processing file changes in outputs
[NX Daemon Server] - 2026-02-02T09:19:33.687Z - [WATCHER]: Processing file changes in outputs
[NX Daemon Server] - 2026-02-02T09:44:43.518Z - [WATCHER]: Processing file changes in outputs
[NX Daemon Server] - 2026-02-02T09:44:45.762Z - [WATCHER]: Processing file changes in outputs
[NX Daemon Server] - 2026-02-02T09:44:45.827Z - [WATCHER]: Processing file changes in outputs
[NX Daemon Server] - 2026-02-02T09:44:45.881Z - [WATCHER]: Processing file changes in outputs
[NX Daemon Server] - 2026-02-02T09:44:46.247Z - [WATCHER]: Processing file changes in outputs
[NX Daemon Server] - 2026-02-02T09:44:46.530Z - [WATCHER]: Processing file changes in outputs
[NX Daemon Server] - 2026-02-02T09:44:46.583Z - [WATCHER]: Processing file changes in outputs
[NX Daemon Server] - 2026-02-02T09:44:46.634Z - [WATCHER]: Processing file changes in outputs
[NX Daemon Server] - 2026-02-02T09:44:46.698Z - [WATCHER]: Processing file changes in outputs
[NX Daemon Server] - 2026-02-02T09:44:46.763Z - [WATCHER]: Processing file changes in outputs
[NX Daemon Server] - 2026-02-02T09:44:47.125Z - [WATCHER]: Processing file changes in outputs
[NX Daemon Server] - 2026-02-02T09:44:47.178Z - [WATCHER]: Processing file changes in outputs
[NX Daemon Server] - 2026-02-02T09:44:47.230Z - [WATCHER]: Processing file changes in outputs
[NX Daemon Server] - 2026-02-02T09:44:47.283Z - [WATCHER]: Processing file changes in outputs
[NX Daemon Server] - 2026-02-02T09:44:47.336Z - [WATCHER]: Processing file changes in outputs
[NX Daemon Server] - 2026-02-02T09:44:47.388Z - [WATCHER]: Processing file changes in outputs
[NX Daemon Server] - 2026-02-02T09:44:47.439Z - [WATCHER]: Processing file changes in outputs
[NX Daemon Server] - 2026-02-02T09:44:47.491Z - [WATCHER]: Processing file changes in outputs
[NX Daemon Server] - 2026-02-02T09:44:47.542Z - [WATCHER]: Processing file changes in outputs
[NX Daemon Server] - 2026-02-02T09:44:47.595Z - [WATCHER]: Processing file changes in outputs
[NX Daemon Server] - 2026-02-02T09:44:47.645Z - [WATCHER]: Processing file changes in outputs
[NX Daemon Server] - 2026-02-02T09:44:47.698Z - [WATCHER]: Processing file changes in outputs
[NX Daemon Server] - 2026-02-02T09:44:47.750Z - [WATCHER]: Processing file changes in outputs
[NX Daemon Server] - 2026-02-02T09:44:47.802Z - [WATCHER]: Processing file changes in outputs
[NX Daemon Server] - 2026-02-02T09:44:47.854Z - [WATCHER]: Processing file changes in outputs
[NX Daemon Server] - 2026-02-02T09:44:47.906Z - [WATCHER]: Processing file changes in outputs
[NX Daemon Server] - 2026-02-02T09:44:47.958Z - [WATCHER]: Processing file changes in outputs
[NX Daemon Server] - 2026-02-02T09:44:48.010Z - [WATCHER]: Processing file changes in outputs
[NX Daemon Server] - 2026-02-02T09:44:48.062Z - [WATCHER]: Processing file changes in outputs
[NX Daemon Server] - 2026-02-02T09:44:48.114Z - [WATCHER]: Processing file changes in outputs
[NX Daemon Server] - 2026-02-02T09:44:48.165Z - [WATCHER]: Processing file changes in outputs
[NX Daemon Server] - 2026-02-02T09:44:48.217Z - [WATCHER]: Processing file changes in outputs
[NX Daemon Server] - 2026-02-02T09:44:48.269Z - [WATCHER]: Processing file changes in outputs
[NX Daemon Server] - 2026-02-02T09:44:48.323Z - [WATCHER]: Processing file changes in outputs
[NX Daemon Server] - 2026-02-02T09:44:48.374Z - [WATCHER]: Processing file changes in outputs
[NX Daemon Server] - 2026-02-02T09:44:48.425Z - [WATCHER]: Processing file changes in outputs
[NX Daemon Server] - 2026-02-02T09:44:48.478Z - [WATCHER]: Processing file changes in outputs
[NX Daemon Server] - 2026-02-02T09:44:48.529Z - [WATCHER]: Processing file changes in outputs
[NX Daemon Server] - 2026-02-02T09:44:48.581Z - [WATCHER]: Processing file changes in outputs
[NX Daemon Server] - 2026-02-02T09:44:48.643Z - [WATCHER]: Processing file changes in outputs
[NX Daemon Server] - 2026-02-02T09:44:48.708Z - [WATCHER]: Processing file changes in outputs
[NX Daemon Server] - 2026-02-02T09:44:49.044Z - [WATCHER]: Processing file changes in outputs
[NX Daemon Server] - 2026-02-02T09:44:49.110Z - [WATCHER]: Processing file changes in outputs
[NX Daemon Server] - 2026-02-02T09:44:49.852Z - [WATCHER]: Processing file changes in outputs
[NX Daemon Server] - 2026-02-02T09:44:50.267Z - [WATCHER]: Processing file changes in outputs
[NX Daemon Server] - 2026-02-02T09:44:50.591Z - [WATCHER]: Processing file changes in outputs
[NX Daemon Server] - 2026-02-02T09:48:38.488Z - [WATCHER]: Processing file changes in outputs
[NX Daemon Server] - 2026-02-02T09:50:43.126Z - [WATCHER]: Processing file changes in outputs
[NX Daemon Server] - 2026-02-02T09:50:45.765Z - [WATCHER]: Processing file changes in outputs
[NX Daemon Server] - 2026-02-02T09:51:24.395Z - [WATCHER]: Processing file changes in outputs
[NX Daemon Server] - 2026-02-02T09:51:27.491Z - [WATCHER]: Processing file changes in outputs
[NX Daemon Server] - 2026-02-02T09:51:28.339Z - [WATCHER]: Processing file changes in outputs
[NX Daemon Server] - 2026-02-02T09:51:28.424Z - [WATCHER]: Processing file changes in outputs
[NX Daemon Server] - 2026-02-02T09:51:29.565Z - [WATCHER]: Processing file changes in outputs
[NX Daemon Server] - 2026-02-02T09:53:39.040Z - [WATCHER]: Processing file changes in outputs
[NX Daemon Server] - 2026-02-02T09:53:39.796Z - [WATCHER]: Processing file changes in outputs
[NX Daemon Server] - 2026-02-02T09:53:39.858Z - [WATCHER]: Processing file changes in outputs
[NX Daemon Server] - 2026-02-02T09:53:40.039Z - [WATCHER]: Processing file changes in outputs
[NX Daemon Server] - 2026-02-02T09:54:13.129Z - [WATCHER]: Processing file changes in outputs
[NX Daemon Server] - 2026-02-02T09:54:14.142Z - [WATCHER]: Processing file changes in outputs
[NX Daemon Server] - 2026-02-02T09:54:36.338Z - [WATCHER]: Processing file changes in outputs
[NX Daemon Server] - 2026-02-02T09:54:40.151Z - [WATCHER]: Processing file changes in outputs
[NX Daemon Server] - 2026-02-02T09:54:41.363Z - [WATCHER]: Processing file changes in outputs
[NX Daemon Server] - 2026-02-02T09:54:41.447Z - [WATCHER]: Processing file changes in outputs
[NX Daemon Server] - 2026-02-02T09:54:43.009Z - [WATCHER]: Processing file changes in outputs
[NX Daemon Server] - 2026-02-02T09:57:01.348Z - [WATCHER]: Processing file changes in outputs
[NX Daemon Server] - 2026-02-02T09:59:18.328Z - [WATCHER]: Processing file changes in outputs
[NX Daemon Server] - 2026-02-02T09:59:20.904Z - [WATCHER]: Processing file changes in outputs
[NX Daemon Server] - 2026-02-02T10:00:04.228Z - [WATCHER]: Processing file changes in outputs
[NX Daemon Server] - 2026-02-02T10:00:07.373Z - [WATCHER]: Processing file changes in outputs
[NX Daemon Server] - 2026-02-02T10:00:08.206Z - [WATCHER]: Processing file changes in outputs
[NX Daemon Server] - 2026-02-02T10:00:08.287Z - [WATCHER]: Processing file changes in outputs
[NX Daemon Server] - 2026-02-02T10:00:09.489Z - [WATCHER]: Processing file changes in outputs
[NX Daemon Server] - 2026-02-02T10:37:31.478Z - [WATCHER]: Processing file changes in outputs
[NX Daemon Server] - 2026-02-02T10:51:01.715Z - [WATCHER]: Processing file changes in outputs
[NX Daemon Server] - 2026-02-02T10:51:03.912Z - [WATCHER]: Processing file changes in outputs
[NX Daemon Server] - 2026-02-02T10:52:02.275Z - [WATCHER]: Processing file changes in outputs
[NX Daemon Server] - 2026-02-02T10:53:21.839Z - [WATCHER]: Processing file changes in outputs
[NX Daemon Server] - 2026-02-02T10:53:22.002Z - [WATCHER]: Processing file changes in outputs
[NX Daemon Server] - 2026-02-02T10:53:48.221Z - [WATCHER]: Processing file changes in outputs
[NX Daemon Server] - 2026-02-02T10:53:49.801Z - [WATCHER]: Processing file changes in outputs
[NX Daemon Server] - 2026-02-02T10:54:17.453Z - [WATCHER]: Processing file changes in outputs
[NX Daemon Server] - 2026-02-02T10:57:04.557Z - [WATCHER]: Processing file changes in outputs
[NX Daemon Server] - 2026-02-02T10:57:18.173Z - [WATCHER]: Processing file changes in outputs
[NX Daemon Server] - 2026-02-02T10:59:21.888Z - [WATCHER]: Processing file changes in outputs
[NX Daemon Server] - 2026-02-02T11:14:07.670Z - [WATCHER]: Processing file changes in outputs

> NX runtime error err=cannot send event from fs watcher: sending into a closed channel


> NX runtime error err=cannot send event from fs watcher: sending into a closed channel


> NX runtime error err=cannot send event from fs watcher: sending into a closed channel


> NX runtime error err=cannot send event from fs watcher: sending into a closed channel


> NX runtime error err=cannot send event from fs watcher: sending into a closed channel


> NX runtime error err=cannot send event from fs watcher: sending into a closed channel


> NX runtime error err=cannot send event from fs watcher: sending into a closed channel

[NX Daemon Server] - 2026-02-02T11:14:07.678Z - [WATCHER]: Stopping the watcher for C:\Users\DELL\Desktop\vscode\pearlThought\strapi (sources)

> NX runtime error err=cannot send event from fs watcher: sending into a closed channel


> NX runtime error err=cannot send event from fs watcher: sending into a closed channel


> NX runtime error err=cannot send event from fs watcher: sending into a closed channel


> NX runtime error err=cannot send event from fs watcher: sending into a closed channel


> NX runtime error err=cannot send event from fs watcher: sending into a closed channel

[NX Daemon Server] - 2026-02-02T11:14:07.679Z - [WATCHER]: Stopping the watcher for C:\Users\DELL\Desktop\vscode\pearlThought\strapi (sources)
[NX Daemon Server] - 2026-02-02T11:14:07.679Z - [WATCHER]: Stopping the watcher for C:\Users\DELL\Desktop\vscode\pearlThought\strapi (outputs)
[NX Daemon Server] - 2026-02-02T11:14:07.714Z - Server stopped because: "Stopping the daemon the set of ignored files changed (native)"
